// Jest Snapshot v1, https://goo.gl/fbAQLP

exports[`BottomTabBar Rendering should match to snapshot 1`] = `ShallowWrapper {}`;
